2025-10-09 14:33:32,595 - watchfiles.main - INFO - 2 changes detected
2025-10-09 14:33:41,156 - main - INFO - Starting Stock Market Prediction API...
2025-10-09 14:33:41,199 - watchfiles.main - INFO - 5 changes detected
2025-10-09 14:33:42,348 - api.database.mongodb - INFO - Database indexes created successfully
2025-10-09 14:33:42,348 - api.database.mongodb - INFO - Connected to MongoDB successfully
2025-10-09 14:33:52,539 - watchfiles.main - INFO - 1 change detected
2025-10-09 14:36:49,353 - main - INFO - Starting Stock Market Prediction API...
2025-10-09 14:36:50,534 - api.database.mongodb - INFO - Database indexes created successfully
2025-10-09 14:36:50,534 - api.database.mongodb - INFO - Connected to MongoDB successfully
2025-10-09 14:37:58,320 - api.database.mongodb - INFO - Disconnected from MongoDB
2025-10-09 14:38:23,068 - main - INFO - Starting Stock Market Prediction API...
2025-10-09 14:38:24,301 - api.database.mongodb - INFO - Database indexes created successfully
2025-10-09 14:38:24,301 - api.database.mongodb - INFO - Connected to MongoDB successfully
2025-10-09 14:46:36,659 - main - INFO - Starting Stock Market Prediction API...
2025-10-09 16:05:27,839 - main - INFO - Starting Stock Market Prediction API...
2025-10-09 16:05:29,256 - api.database.mongodb - INFO - Database indexes created successfully
2025-10-09 16:05:29,256 - api.database.mongodb - INFO - Connected to MongoDB successfully
2025-10-09 16:05:59,193 - passlib.handlers.bcrypt - WARNING - (trapped) error reading bcrypt version
Traceback (most recent call last):
  File "C:\Users\damai\AppData\Local\Programs\Python\Python312\Lib\site-packages\passlib\handlers\bcrypt.py", line 620, in _load_backend_mixin
    version = _bcrypt.__about__.__version__
              ^^^^^^^^^^^^^^^^^
AttributeError: module 'bcrypt' has no attribute '__about__'
2025-10-09 16:08:42,163 - watchfiles.main - INFO - 1 change detected
2025-10-09 16:08:42,357 - api.database.mongodb - INFO - Disconnected from MongoDB
2025-10-09 16:08:43,838 - watchfiles.main - INFO - 1 change detected
2025-10-09 16:08:45,252 - watchfiles.main - INFO - 5 changes detected
2025-10-09 16:08:49,453 - main - INFO - Starting Stock Market Prediction API...
2025-10-09 16:08:49,487 - watchfiles.main - INFO - 1 change detected
2025-10-09 16:08:50,602 - api.database.mongodb - INFO - Database indexes created successfully
2025-10-09 16:08:50,602 - api.database.mongodb - INFO - Connected to MongoDB successfully
2025-10-09 16:09:12,129 - watchfiles.main - INFO - 1 change detected
2025-10-09 16:09:12,353 - api.database.mongodb - INFO - Disconnected from MongoDB
2025-10-09 16:09:13,688 - watchfiles.main - INFO - 1 change detected
2025-10-09 16:09:19,169 - main - INFO - Starting Stock Market Prediction API...
2025-10-09 16:09:19,336 - watchfiles.main - INFO - 6 changes detected
2025-10-09 16:09:19,976 - api.database.mongodb - INFO - Database indexes created successfully
2025-10-09 16:09:19,976 - api.database.mongodb - INFO - Connected to MongoDB successfully
2025-10-09 16:19:50,125 - watchfiles.main - INFO - 1 change detected
2025-10-09 16:19:50,352 - api.database.mongodb - INFO - Disconnected from MongoDB
2025-10-09 16:19:51,873 - watchfiles.main - INFO - 1 change detected
2025-10-09 16:19:53,290 - watchfiles.main - INFO - 5 changes detected
2025-10-09 16:19:57,990 - main - INFO - Starting Stock Market Prediction API...
2025-10-09 16:19:58,031 - watchfiles.main - INFO - 1 change detected
2025-10-09 16:19:59,087 - api.database.mongodb - INFO - Database indexes created successfully
2025-10-09 16:19:59,088 - api.database.mongodb - INFO - Connected to MongoDB successfully
2025-10-09 16:20:35,913 - watchfiles.main - INFO - 1 change detected
2025-10-09 16:20:36,104 - api.database.mongodb - INFO - Disconnected from MongoDB
2025-10-09 16:20:37,514 - watchfiles.main - INFO - 1 change detected
2025-10-09 16:20:43,205 - main - INFO - Starting Stock Market Prediction API...
2025-10-09 16:20:43,216 - watchfiles.main - INFO - 6 changes detected
2025-10-09 16:20:44,105 - api.database.mongodb - INFO - Database indexes created successfully
2025-10-09 16:20:44,105 - api.database.mongodb - INFO - Connected to MongoDB successfully
2025-10-09 16:21:06,937 - watchfiles.main - INFO - 1 change detected
2025-10-09 16:21:07,241 - api.database.mongodb - INFO - Disconnected from MongoDB
2025-10-09 16:21:08,603 - watchfiles.main - INFO - 1 change detected
2025-10-09 16:21:14,355 - main - INFO - Starting Stock Market Prediction API...
2025-10-09 16:21:14,399 - watchfiles.main - INFO - 6 changes detected
2025-10-09 16:21:15,470 - api.database.mongodb - INFO - Database indexes created successfully
2025-10-09 16:21:15,471 - api.database.mongodb - INFO - Connected to MongoDB successfully
2025-10-09 16:36:47,992 - passlib.handlers.bcrypt - WARNING - (trapped) error reading bcrypt version
Traceback (most recent call last):
  File "C:\Users\damai\AppData\Local\Programs\Python\Python312\Lib\site-packages\passlib\handlers\bcrypt.py", line 620, in _load_backend_mixin
    version = _bcrypt.__about__.__version__
              ^^^^^^^^^^^^^^^^^
AttributeError: module 'bcrypt' has no attribute '__about__'
2025-10-09 16:37:53,940 - models.arima.arima_predictor - WARNING - Statsmodels not available. ARIMA model will use fallback trend-based predictions.
2025-10-09 16:38:21,309 - absl - WARNING - You are saving your model as an HDF5 file via `model.save()` or `keras.saving.save_model(model)`. This file format is considered legacy. We recommend using instead the native Keras format, e.g. `model.save('my_model.keras')` or `keras.saving.save_model(model, 'my_model.keras')`. 
2025-10-09 16:38:25,110 - models.arima.arima_predictor - WARNING - Statsmodels not available. ARIMA model will use fallback trend-based predictions.
2025-10-09 16:38:25,187 - absl - WARNING - Compiled the loaded model, but the compiled metrics have yet to be built. `model.compile_metrics` will be empty until you train or evaluate the model.
2025-10-09 16:54:45,025 - models.arima.arima_predictor - WARNING - Statsmodels not available. ARIMA model will use fallback trend-based predictions.
2025-10-09 16:54:45,106 - absl - WARNING - Compiled the loaded model, but the compiled metrics have yet to be built. `model.compile_metrics` will be empty until you train or evaluate the model.
2025-10-09 16:54:45,411 - tensorflow - WARNING - 5 out of the last 17 calls to <function TensorFlowTrainer.make_predict_function.<locals>.one_step_on_data_distributed at 0x000002C690F50D60> triggered tf.function retracing. Tracing is expensive and the excessive number of tracings could be due to (1) creating @tf.function repeatedly in a loop, (2) passing tensors with different shapes, (3) passing Python objects instead of tensors. For (1), please define your @tf.function outside of the loop. For (2), @tf.function has reduce_retracing=True option that can avoid unnecessary retracing. For (3), please refer to https://www.tensorflow.org/guide/function#controlling_retracing and https://www.tensorflow.org/api_docs/python/tf/function for  more details.
2025-10-09 17:41:15,745 - main - INFO - Starting Stock Market Prediction API...
2025-10-09 17:41:16,956 - api.database.mongodb - INFO - Database indexes created successfully
2025-10-09 17:41:16,956 - api.database.mongodb - INFO - Connected to MongoDB successfully
2025-10-09 17:41:42,319 - passlib.handlers.bcrypt - WARNING - (trapped) error reading bcrypt version
Traceback (most recent call last):
  File "C:\Users\damai\AppData\Local\Programs\Python\Python312\Lib\site-packages\passlib\handlers\bcrypt.py", line 620, in _load_backend_mixin
    version = _bcrypt.__about__.__version__
              ^^^^^^^^^^^^^^^^^
AttributeError: module 'bcrypt' has no attribute '__about__'
2025-10-09 17:44:33,097 - yfinance - ERROR - HTTP Error 404: {"quoteSummary":{"result":null,"error":{"code":"Not Found","description":"Quote not found for symbol: APPLE"}}}
2025-10-09 17:50:37,256 - watchfiles.main - INFO - 1 change detected
2025-10-09 17:50:37,442 - api.database.mongodb - INFO - Disconnected from MongoDB
2025-10-09 17:50:38,961 - watchfiles.main - INFO - 1 change detected
2025-10-09 17:50:40,326 - watchfiles.main - INFO - 5 changes detected
2025-10-09 17:50:44,590 - main - INFO - Starting Stock Market Prediction API...
2025-10-09 17:50:44,648 - watchfiles.main - INFO - 1 change detected
2025-10-09 17:50:45,205 - watchfiles.main - INFO - 1 change detected
2025-10-09 17:50:45,934 - api.database.mongodb - INFO - Database indexes created successfully
2025-10-09 17:50:45,934 - api.database.mongodb - INFO - Connected to MongoDB successfully
2025-10-09 17:50:47,384 - watchfiles.main - INFO - 1 change detected
2025-10-09 17:50:48,749 - watchfiles.main - INFO - 5 changes detected
2025-10-09 17:50:53,301 - main - INFO - Starting Stock Market Prediction API...
2025-10-09 17:50:53,339 - watchfiles.main - INFO - 1 change detected
2025-10-09 17:50:54,143 - api.database.mongodb - INFO - Database indexes created successfully
2025-10-09 17:50:54,143 - api.database.mongodb - INFO - Connected to MongoDB successfully
2025-10-09 17:50:56,263 - watchfiles.main - INFO - 1 change detected
2025-10-09 17:50:56,444 - api.database.mongodb - INFO - Disconnected from MongoDB
2025-10-09 17:50:57,684 - watchfiles.main - INFO - 1 change detected
2025-10-09 17:51:03,361 - main - INFO - Starting Stock Market Prediction API...
2025-10-09 17:51:03,372 - watchfiles.main - INFO - 6 changes detected
2025-10-09 17:51:04,193 - api.database.mongodb - INFO - Database indexes created successfully
2025-10-09 17:51:04,193 - api.database.mongodb - INFO - Connected to MongoDB successfully
2025-10-09 17:51:26,601 - watchfiles.main - INFO - 1 change detected
2025-10-09 17:51:26,737 - api.database.mongodb - INFO - Disconnected from MongoDB
2025-10-09 17:51:28,221 - watchfiles.main - INFO - 1 change detected
2025-10-09 17:51:34,004 - main - INFO - Starting Stock Market Prediction API...
2025-10-09 17:51:34,027 - watchfiles.main - INFO - 6 changes detected
2025-10-09 17:51:34,736 - api.database.mongodb - INFO - Database indexes created successfully
2025-10-09 17:51:34,736 - api.database.mongodb - INFO - Connected to MongoDB successfully
2025-10-09 17:51:37,254 - watchfiles.main - INFO - 1 change detected
2025-10-09 17:51:37,483 - api.database.mongodb - INFO - Disconnected from MongoDB
2025-10-09 17:51:38,863 - watchfiles.main - INFO - 1 change detected
2025-10-09 17:51:44,594 - main - INFO - Starting Stock Market Prediction API...
2025-10-09 17:51:44,608 - watchfiles.main - INFO - 6 changes detected
2025-10-09 17:51:45,617 - api.database.mongodb - INFO - Database indexes created successfully
2025-10-09 17:51:45,618 - api.database.mongodb - INFO - Connected to MongoDB successfully
2025-10-09 17:53:46,048 - models.arima.arima_predictor - WARNING - Statsmodels not available. ARIMA model will use fallback trend-based predictions.
2025-10-09 17:54:10,893 - absl - WARNING - You are saving your model as an HDF5 file via `model.save()` or `keras.saving.save_model(model)`. This file format is considered legacy. We recommend using instead the native Keras format, e.g. `model.save('my_model.keras')` or `keras.saving.save_model(model, 'my_model.keras')`. 
2025-10-09 18:05:12,415 - yfinance - ERROR - $GOO: possibly delisted; no price data found  (period=1d)
2025-10-09 18:05:32,512 - yfinance - ERROR - $STA: possibly delisted; no price data found  (period=1d)
2025-10-09 18:08:50,304 - watchfiles.main - INFO - 1 change detected
2025-10-09 18:08:50,475 - api.database.mongodb - INFO - Disconnected from MongoDB
2025-10-09 18:08:52,317 - watchfiles.main - INFO - 1 change detected
2025-10-09 18:08:58,668 - watchfiles.main - INFO - 1 change detected
2025-10-09 18:08:59,908 - watchfiles.main - INFO - 2 changes detected
2025-10-09 18:09:05,885 - main - INFO - Starting Stock Market Prediction API...
2025-10-09 18:09:05,952 - watchfiles.main - INFO - 6 changes detected
2025-10-09 18:09:06,417 - watchfiles.main - INFO - 1 change detected
2025-10-09 18:09:07,196 - api.database.mongodb - INFO - Database indexes created successfully
2025-10-09 18:09:07,197 - api.database.mongodb - INFO - Connected to MongoDB successfully
2025-10-09 18:09:08,695 - watchfiles.main - INFO - 2 changes detected
2025-10-09 18:09:15,153 - main - INFO - Starting Stock Market Prediction API...
2025-10-09 18:09:15,200 - watchfiles.main - INFO - 1 change detected
2025-10-09 18:09:16,208 - api.database.mongodb - INFO - Database indexes created successfully
2025-10-09 18:09:16,208 - api.database.mongodb - INFO - Connected to MongoDB successfully
2025-10-09 18:10:16,061 - main - INFO - Starting Stock Market Prediction API...
2025-10-09 18:10:17,198 - api.database.mongodb - INFO - Database indexes created successfully
2025-10-09 18:10:17,198 - api.database.mongodb - INFO - Connected to MongoDB successfully
2025-10-09 18:11:13,655 - watchfiles.main - INFO - 3 changes detected
2025-10-09 18:11:13,876 - api.database.mongodb - INFO - Disconnected from MongoDB
2025-10-09 18:11:15,406 - watchfiles.main - INFO - 2 changes detected
2025-10-09 18:11:21,103 - main - INFO - Starting Stock Market Prediction API...
2025-10-09 18:11:21,155 - watchfiles.main - INFO - 1 change detected
2025-10-09 18:11:22,205 - api.database.mongodb - INFO - Database indexes created successfully
2025-10-09 18:11:22,205 - api.database.mongodb - INFO - Connected to MongoDB successfully
2025-10-09 18:11:23,119 - watchfiles.main - INFO - 1 change detected
2025-10-09 18:11:23,302 - api.database.mongodb - INFO - Disconnected from MongoDB
2025-10-09 18:11:24,785 - watchfiles.main - INFO - 1 change detected
2025-10-09 18:11:26,353 - watchfiles.main - INFO - 5 changes detected
2025-10-09 18:11:31,515 - main - INFO - Starting Stock Market Prediction API...
2025-10-09 18:11:31,533 - watchfiles.main - INFO - 1 change detected
2025-10-09 18:11:32,302 - api.database.mongodb - INFO - Database indexes created successfully
2025-10-09 18:11:32,303 - api.database.mongodb - INFO - Connected to MongoDB successfully
2025-10-09 18:12:10,127 - passlib.handlers.bcrypt - WARNING - (trapped) error reading bcrypt version
Traceback (most recent call last):
  File "C:\Users\damai\AppData\Local\Programs\Python\Python312\Lib\site-packages\passlib\handlers\bcrypt.py", line 620, in _load_backend_mixin
    version = _bcrypt.__about__.__version__
              ^^^^^^^^^^^^^^^^^
AttributeError: module 'bcrypt' has no attribute '__about__'
2025-10-09 18:12:51,022 - models.arima.arima_predictor - WARNING - Statsmodels not available. ARIMA model will use fallback trend-based predictions.
2025-10-17 12:04:55,460 - main - INFO - Starting Stock Market Prediction API...
2025-10-17 12:04:58,925 - api.database.mongodb - INFO - Database indexes created successfully
2025-10-17 12:04:58,926 - api.database.mongodb - INFO - Connected to MongoDB successfully
2025-10-17 12:07:08,012 - passlib.handlers.bcrypt - WARNING - (trapped) error reading bcrypt version
Traceback (most recent call last):
  File "C:\Users\damai\AppData\Local\Programs\Python\Python312\Lib\site-packages\passlib\handlers\bcrypt.py", line 620, in _load_backend_mixin
    version = _bcrypt.__about__.__version__
              ^^^^^^^^^^^^^^^^^
AttributeError: module 'bcrypt' has no attribute '__about__'
2025-10-17 12:14:49,288 - yfinance - ERROR - HTTP Error 404: {"quoteSummary":{"result":null,"error":{"code":"Not Found","description":"Quote not found for symbol: APPLE"}}}
2025-10-17 12:14:51,256 - yfinance - ERROR - HTTP Error 404: {"quoteSummary":{"result":null,"error":{"code":"Not Found","description":"Quote not found for symbol: APPLE"}}}
2025-10-17 12:16:38,205 - yfinance - ERROR - HTTP Error 404: {"quoteSummary":{"result":null,"error":{"code":"Not Found","description":"Quote not found for symbol: APPLE"}}}
2025-10-17 12:16:58,429 - models.arima.arima_predictor - WARNING - Statsmodels not available. ARIMA model will use fallback trend-based predictions.
2025-10-17 12:17:01,789 - absl - WARNING - Compiled the loaded model, but the compiled metrics have yet to be built. `model.compile_metrics` will be empty until you train or evaluate the model.
2025-10-17 12:32:25,219 - watchfiles.main - INFO - 1 change detected
2025-10-17 12:35:20,229 - watchfiles.main - INFO - 1 change detected
2025-10-17 12:35:20,456 - api.database.mongodb - INFO - Disconnected from MongoDB
2025-10-17 12:35:22,428 - watchfiles.main - INFO - 2 changes detected
2025-10-17 12:35:29,829 - main - INFO - Starting Stock Market Prediction API...
2025-10-17 12:35:29,832 - watchfiles.main - INFO - 1 change detected
2025-10-17 12:35:31,169 - api.database.mongodb - INFO - Database indexes created successfully
2025-10-17 12:35:31,169 - api.database.mongodb - INFO - Connected to MongoDB successfully
2025-10-17 12:36:25,865 - watchfiles.main - INFO - 1 change detected
2025-10-17 12:36:26,024 - api.database.mongodb - INFO - Disconnected from MongoDB
2025-10-17 12:36:27,477 - watchfiles.main - INFO - 1 change detected
2025-10-17 12:36:33,064 - main - INFO - Starting Stock Market Prediction API...
2025-10-17 12:36:33,123 - watchfiles.main - INFO - 1 change detected
2025-10-17 12:36:34,255 - api.database.mongodb - INFO - Database indexes created successfully
2025-10-17 12:36:34,255 - api.database.mongodb - INFO - Connected to MongoDB successfully
2025-10-17 12:36:56,551 - watchfiles.main - INFO - 1 change detected
2025-10-17 12:36:56,691 - api.database.mongodb - INFO - Disconnected from MongoDB
2025-10-17 12:36:58,142 - watchfiles.main - INFO - 1 change detected
2025-10-17 12:37:03,710 - main - INFO - Starting Stock Market Prediction API...
2025-10-17 12:37:03,792 - watchfiles.main - INFO - 14 changes detected
2025-10-17 12:37:04,484 - api.database.mongodb - INFO - Database indexes created successfully
2025-10-17 12:37:04,484 - api.database.mongodb - INFO - Connected to MongoDB successfully
2025-10-17 12:38:37,878 - watchfiles.main - INFO - 1 change detected
2025-10-17 12:38:38,044 - api.database.mongodb - INFO - Disconnected from MongoDB
2025-10-17 12:38:39,332 - watchfiles.main - INFO - 1 change detected
2025-10-17 12:38:44,927 - main - INFO - Starting Stock Market Prediction API...
2025-10-17 12:38:44,983 - watchfiles.main - INFO - 1 change detected
2025-10-17 12:38:46,110 - api.database.mongodb - INFO - Database indexes created successfully
2025-10-17 12:38:46,110 - api.database.mongodb - INFO - Connected to MongoDB successfully
2025-10-17 12:44:07,025 - main - INFO - Starting Stock Market Prediction API...
2025-10-17 12:44:08,179 - api.database.mongodb - INFO - Database indexes created successfully
2025-10-17 12:44:08,179 - api.database.mongodb - INFO - Connected to MongoDB successfully
2025-10-17 12:46:59,765 - watchfiles.main - INFO - 1 change detected
2025-10-17 12:46:59,919 - api.database.mongodb - INFO - Disconnected from MongoDB
2025-10-17 12:47:01,428 - watchfiles.main - INFO - 1 change detected
2025-10-17 12:47:07,385 - main - INFO - Starting Stock Market Prediction API...
2025-10-17 12:47:07,417 - watchfiles.main - INFO - 1 change detected
2025-10-17 12:47:08,584 - api.database.mongodb - INFO - Database indexes created successfully
2025-10-17 12:47:08,586 - api.database.mongodb - INFO - Connected to MongoDB successfully
2025-10-17 12:48:36,006 - watchfiles.main - INFO - 1 change detected
2025-10-17 12:48:36,136 - api.database.mongodb - INFO - Disconnected from MongoDB
2025-10-17 12:48:37,566 - watchfiles.main - INFO - 1 change detected
2025-10-17 12:48:43,415 - main - INFO - Starting Stock Market Prediction API...
2025-10-17 12:48:43,464 - watchfiles.main - INFO - 1 change detected
2025-10-17 12:48:44,734 - api.database.mongodb - INFO - Database indexes created successfully
2025-10-17 12:48:44,734 - api.database.mongodb - INFO - Connected to MongoDB successfully
2025-10-17 12:54:54,374 - watchfiles.main - INFO - 1 change detected
2025-10-17 12:54:55,084 - watchfiles.main - INFO - 1 change detected
2025-10-17 12:55:55,388 - passlib.handlers.bcrypt - WARNING - (trapped) error reading bcrypt version
Traceback (most recent call last):
  File "C:\Users\damai\AppData\Local\Programs\Python\Python312\Lib\site-packages\passlib\handlers\bcrypt.py", line 620, in _load_backend_mixin
    version = _bcrypt.__about__.__version__
              ^^^^^^^^^^^^^^^^^
AttributeError: module 'bcrypt' has no attribute '__about__'
2025-10-17 12:56:34,967 - main - INFO - Starting Stock Market Prediction API...
2025-10-17 12:56:36,184 - api.database.mongodb - INFO - Database indexes created successfully
2025-10-17 12:56:36,184 - api.database.mongodb - INFO - Connected to MongoDB successfully
2025-10-17 12:59:02,874 - watchfiles.main - INFO - 1 change detected
2025-10-17 12:59:03,080 - api.database.mongodb - INFO - Disconnected from MongoDB
2025-10-17 12:59:04,644 - watchfiles.main - INFO - 1 change detected
2025-10-17 12:59:10,390 - watchfiles.main - INFO - 5 changes detected
2025-10-17 12:59:10,449 - main - INFO - Starting Stock Market Prediction API...
2025-10-17 12:59:10,742 - watchfiles.main - INFO - 1 change detected
2025-10-17 12:59:11,697 - api.database.mongodb - INFO - Database indexes created successfully
2025-10-17 12:59:11,698 - api.database.mongodb - INFO - Connected to MongoDB successfully
2025-10-17 12:59:40,429 - watchfiles.main - INFO - 1 change detected
2025-10-17 12:59:40,596 - api.database.mongodb - INFO - Disconnected from MongoDB
2025-10-17 12:59:41,970 - watchfiles.main - INFO - 1 change detected
2025-10-17 12:59:47,870 - main - INFO - Starting Stock Market Prediction API...
2025-10-17 12:59:47,874 - watchfiles.main - INFO - 6 changes detected
2025-10-17 12:59:48,709 - api.database.mongodb - INFO - Database indexes created successfully
2025-10-17 12:59:48,710 - api.database.mongodb - INFO - Connected to MongoDB successfully
2025-10-17 12:59:53,064 - watchfiles.main - INFO - 1 change detected
2025-10-17 12:59:53,298 - api.database.mongodb - INFO - Disconnected from MongoDB
2025-10-17 12:59:54,806 - watchfiles.main - INFO - 1 change detected
2025-10-17 13:00:01,185 - main - INFO - Starting Stock Market Prediction API...
2025-10-17 13:00:01,204 - watchfiles.main - INFO - 6 changes detected
2025-10-17 13:00:02,145 - api.database.mongodb - INFO - Database indexes created successfully
2025-10-17 13:00:02,146 - api.database.mongodb - INFO - Connected to MongoDB successfully
2025-10-17 13:03:17,863 - watchfiles.main - INFO - 1 change detected
2025-10-17 13:04:02,771 - main - INFO - Starting Stock Market Prediction API...
2025-10-17 13:04:04,110 - api.database.mongodb - INFO - Database indexes created successfully
2025-10-17 13:04:04,110 - api.database.mongodb - INFO - Connected to MongoDB successfully
2025-10-17 13:06:17,229 - watchfiles.main - INFO - 1 change detected
2025-10-17 13:06:19,405 - watchfiles.main - INFO - 1 change detected
